// Jest Snapshot v1, https://goo.gl/fbAQLP

exports[`Testing Estimated Costs 1`] = `
<div>
  <h4>
    Estimated Cost: 
    10
  </h4>
</div>
`;
